[earthboundbrands.com/index.html]
[backblue.gif]
[fade.gif]
[index.html]
[earthboundbrands.com/xmlrpc.php]
[earthboundbrands.com/wp-content/uploads/2014/11/FullLogo_whitelogo3.png]
[earthboundbrands.com/wp-content/themes/brooklyn/css/flexsliderf39e.css]
[earthboundbrands.com/wp-content/themes/brooklyn/css/ut.portfolio.stylef39e.css]
[earthboundbrands.com/comments/feed/index.html]
[earthboundbrands.com/feed/index.html]
[earthboundbrands.com/front-page/feed/index.html]
[earthboundbrands.com/wp-content/plugins/ut-portfolio/assets/css/plugins/prettyphoto/prettyPhotof39e.css]
[earthboundbrands.com/wp-content/plugins/ut-shortcodes/css/ut-responsive-gridf39e.css]
[earthboundbrands.com/wp-content/plugins/ut-shortcodes/css/font-awesomef39e.css]
[earthboundbrands.com/wp-content/plugins/ut-shortcodes/css/ut.animatef39e.css]
[earthboundbrands.com/wp-content/themes/brooklyn/css/ut.elastislidef39e.css]
[earthboundbrands.com/wp-content/plugins/ut-shortcodes/css/ut.fancyrotatorf39e.css]
[earthboundbrands.com/wp-content/themes/brooklyn/css/ut.shortcodef39e.css]
[earthboundbrands.com/wp-content/plugins/contact-form-7/includes/css/styles05da.css]
[earthboundbrands.com/wp-content/plugins/wp_logooos_plugin/css/logosf39e.css]
[earthboundbrands.com/wp-content/themes/brooklyn/css/ut-fontfacef39e.css]
[earthboundbrands.com/wp-content/themes/brooklyn/css/ut-superfishf39e.css]
[earthboundbrands.com/wp-content/themes/brooklyn/stylefc99.css]
[earthboundbrands.com/wp-content/plugins/jetpack/css/jetpackdeae.css]
[earthboundbrands.com/wp-includes/js/jquery/jquery-migrate.min1576.js]
[earthboundbrands.com/wp-content/plugins/ut-portfolio/assets/js/jquery.isotope.min4b1d.js]
[earthboundbrands.com/wp-content/plugins/ut-portfolio/assets/js/jquery.lazy.load3109.js]
[earthboundbrands.com/wp-includes/js/jquery/jquery90f9.js]
[earthboundbrands.com/wp-content/plugins/ut-shortcodes/js/plugins/modernizr/modernizr.min61da.js]
[earthboundbrands.com/wp-content/plugins/ut-shortcodes/js/plugins/flexslider/jquery.flexslider-minf39e.js]
[earthboundbrands.com/wp-content/plugins/ut-shortcodes/js/plugins/elastislider/jquery.elastislidef39e.js]
[earthboundbrands.com/wp-content/plugins/wp_logooos_plugin/js/helper-plugins/jquery.ba-throttle-debounce.minf39e.js]
[earthboundbrands.com/wp-content/plugins/wp_logooos_plugin/js/helper-plugins/jquery.mousewheel.minf39e.js]
[earthboundbrands.com/wp-content/plugins/wp_logooos_plugin/js/helper-plugins/jquery.touchSwipe.minf39e.js]
[earthboundbrands.com/wp-content/plugins/wp_logooos_plugin/js/helper-plugins/jquery.transit.minf39e.js]
[earthboundbrands.com/wp-content/plugins/wp_logooos_plugin/js/jquery.carouFredSel-6.2.1f39e.js]
[earthboundbrands.com/wp-content/plugins/wp_logooos_plugin/js/logosf39e.js]
[earthboundbrands.com/xmlrpc0db0.php]
[earthboundbrands.com/wp-includes/wlwmanifest.xml]
[www.google-analytics.com/analytics.js]
[earthboundbrands.com/wp-content/uploads/2014/11/L1020299-3-1024x843.jpg]
[earthboundbrands.com/wp-content/uploads/2014/11/L10203322-1024x629.jpg]
[earthboundbrands.com/wp-content/uploads/2014/11/headerWhitelogo-15-1024x2442-e1415682134232.png]
[earthboundbrands.com/wp-content/uploads/2014/11/headerWhitelogo-15-1024x2442.png]
[earthboundbrands.com/wp-content/uploads/2014/11/BIG-E-1024x1020.png]
[earthboundbrands.com/wp-content/uploads/2013/11/16billion1.png]
[earthboundbrands.com/wp-content/uploads/2014/10/bhg-w600h400.jpg]
[earthboundbrands.com/portfolio-item/better-homes-gardens/index.html]
[earthboundbrands.com/wp-content/uploads/2014/10/instyle-w600h400.jpg]
[earthboundbrands.com/wp-content/plugins/ut-portfolio/i/index36b0.html]
[earthboundbrands.com/wp-content/uploads/2014/10/EB-thumbnails2-w600h400.jpg]
[earthboundbrands.com/portfolio-item/instyle/index.html]
[earthboundbrands.com/portfolio-item/kevlar-dupont/index.html]
[earthboundbrands.com/wp-content/uploads/2014/10/tripadvisor1-w600h400.jpg]
[earthboundbrands.com/portfolio-item/trip-advisor/index.html]
[earthboundbrands.com/wp-content/uploads/2014/10/isaaaaclive-w600h400.jpg]
